// Jest Snapshot v1, https://goo.gl/fbAQLP

exports[`Component Project renders correctly 1`] = `
<div>
  <h1>
    Test
  </h1>
  <h2>
    Personal
     - 
    2019
  </h2>
  <img
    alt="Preview of Test"
    src="image.url"
  />
</div>
`;
